// Jest Snapshot v1, https://goo.gl/fbAQLP

exports[`Error component it matches the snapshot 1`] = `
<div>
  <p>
    Error: Path does not exist
  </p>
</div>
`;
